Testing connection to: jdbc:postgresql://127.0.0.1/mili
Driver loaded.
Test FAILED:
java.exe : org.postgre
sql.util.PSQLException
: The authentication 
type 10 is not 
supported. Check that 
you have configured 
the pg_hba.conf file 
to include the 
client's IP address 
or subnet, and that 
it is using an 
authentication scheme 
supported by the 
driver.
En línea: 1 Carácter: 
56
+ ... 1.8.0_111'; & "$
env:JAVA_HOME\bin\java
.exe" -cp 
".;war/WEB-INF/lib/po 
...
+                 ~~~~
~~~~~~~~~~~~~~~~~~~~~~
~~~~~~~~~~~~~~~~~~~~~~
~~~~~~~~~
    + CategoryInfo    
          : 
NotSpecified: (org    
.postgresql.... by 
the     
driver.:String) [], R 
   emoteException
    + 
FullyQualifiedErrorI  
  d : 
NativeCommandError
 
	at org.postgresql.cor
e.v3.ConnectionFactory
Impl.doAuthentication(
ConnectionFactoryImpl.
java:375)
	at org.postgresql.cor
e.v3.ConnectionFactory
Impl.openConnectionImp
l(ConnectionFactoryImp
l.java:94)
	at org.postgresql.cor
e.ConnectionFactory.op
enConnection(Connectio
nFactory.java:65)
	at org.postgresql.jdb
c2.AbstractJdbc2Connec
tion.<init>(AbstractJd
bc2Connection.java:116
)
	at org.postgresql.jdb
c3.AbstractJdbc3Connec
tion.<init>(AbstractJd
bc3Connection.java:30)
	at org.postgresql.jdb
c3.Jdbc3Connection.<in
it>(Jdbc3Connection.ja
va:24)
	at org.postgresql.Dri
ver.makeConnection(Dri
ver.java:369)
	at org.postgresql.Dri
ver.connect(Driver.jav
a:245)
	at java.sql.DriverMan
ager.getConnection(Dri
verManager.java:664)
	at java.sql.DriverMan
ager.getConnection(Dri
verManager.java:247)
	at PostgresTest.main(
PostgresTest.java:13)
